import 'dart:io';
import 'package:dbus/dbus.dart';

class ComExampleTest extends DBusRemoteObject {
  ComExampleTest(DBusClient client, String destination, DBusObjectPath path) : super(client, name: destination, path: path);

  /// Invokes com.example.Test.Hello()
  Future<void> callHello(String arg_0, {bool noAutoStart = false, bool allowInteractiveAuthorization = false}) async {
    await callMethod('com.example.Test', 'Hello', [DBusString(arg_0)], replySignature: DBusSignature(''), noAutoStart: noAutoStart, allowInteractiveAuthorization: allowInteractiveAuthorization);
  }
}
