import 'dart:io';
import 'package:dbus/dbus.dart';

class ComExampleTest extends DBusRemoteObject {
  ComExampleTest(DBusClient client, String destination, DBusObjectPath path) : super(client, name: destination, path: path);

  /// Gets com.example.Test.Value
  Future<String> getValue() async {
    var value = await getProperty('com.example.Test', 'Value', signature: DBusSignature('s'));
    return value.asString();
  }

  /// Sets com.example.Test.Value
  Future<void> setValue (String value) async {
    await setProperty('com.example.Test', 'Value', DBusString(value));
  }
}
